$ vite build && node scripts/inject-sw-precache.mjs
vite v8.3.1 building client environment for production...
transforming...
✓ 2379 modules transformed.
rendering chunks...
computing gzip size...
dist/index.html                                2.89 kB │ gzip:   1.02 kB
dist/assets/lockup-light-D8f9VRmu.png         24.08 kB
dist/assets/hero-lockup-fwed-mI-.jpg          44.05 kB
dist/assets/mark-DS5_CvcB.png                 53.34 kB
dist/assets/login-illustration-CuHpK05E.png   57.56 kB
dist/assets/index-D8VAQgsq.css                88.71 kB │ gzip:  16.77 kB
dist/assets/csv-a9LqLNu2.js                    0.44 kB │ gzip:   0.33 kB
dist/assets/offerLabel-CmlPm987.js             0.45 kB │ gzip:   0.24 kB
dist/assets/MarkHit-Ctaeog_4.js                0.50 kB │ gzip:   0.32 kB
dist/assets/dbErrors-DUWgQE3Z.js               0.64 kB │ gzip:   0.40 kB
dist/assets/DoorChip-Be1_9aIV.js               0.65 kB │ gzip:   0.44 kB
dist/assets/usual-DgIT4ywT.js                  0.67 kB │ gzip:   0.39 kB
dist/assets/vendor-lib-BeV0eM99.js             0.68 kB │ gzip:   0.42 kB
dist/assets/printFrame-Br2Esc4Z.js             0.70 kB │ gzip:   0.39 kB
dist/assets/offerFit-Dd2VDaWc.js               0.77 kB │ gzip:   0.45 kB
dist/assets/tableSession-CFEqof2w.js           0.91 kB │ gzip:   0.42 kB
dist/assets/bookingday-DyqrHRAo.js             1.00 kB │ gzip:   0.43 kB
dist/assets/EmptyState-VJ_moE_x.js             1.24 kB │ gzip:   0.48 kB
dist/assets/cart-Ckbibckb.js                   1.66 kB │ gzip:   0.78 kB
dist/assets/shelf-CoJ4gbI8.js                  1.85 kB │ gzip:   0.84 kB
dist/assets/day-BjMIaIHD.js                    2.18 kB │ gzip:   0.87 kB
dist/assets/turn-DvLU_xBl.js                   2.23 kB │ gzip:   0.91 kB
dist/assets/appday-BBreQTye.js                 7.03 kB │ gzip:   2.84 kB
dist/assets/SupportScreen-BUI7AOFn.js         13.26 kB │ gzip:   3.54 kB
dist/assets/NotificationsScreen-Uk2Z8TWv.js   15.14 kB │ gzip:   4.75 kB
dist/assets/KitchenScreen-DoTTNJ4z.js         18.18 kB │ gzip:   5.96 kB
dist/assets/MessagesScreen-CIlXvJpY.js        20.74 kB │ gzip:   6.58 kB
dist/assets/vendor-icons-BBWBjcER.js          35.96 kB │ gzip:  11.63 kB
dist/assets/MenuScreen-dpBpx_dX.js            37.16 kB │ gzip:  10.47 kB
dist/assets/api-BrxEOrk9.js                   37.77 kB │ gzip:   9.20 kB
dist/assets/DashboardScreen-CdsCGJ9-.js       40.56 kB │ gzip:  10.54 kB
dist/assets/PlatformScreen-uqDsauzF.js        46.04 kB │ gzip:   9.99 kB
dist/assets/SettingsScreen-B7a85Vnr.js        48.64 kB │ gzip:  12.85 kB
dist/assets/BillsScreen-BGrjMhJm.js           50.45 kB │ gzip:  13.36 kB
dist/assets/CustomersScreen-clh1m2ve.js       55.92 kB │ gzip:  14.28 kB
dist/assets/EodScreen-CtNBqgAo.js             58.26 kB │ gzip:  14.92 kB
dist/assets/FoodDrinksScreen-DZ1rSnyJ.js      60.69 kB │ gzip:  15.66 kB
dist/assets/GuestPages-BMNSirX4.js            74.91 kB │ gzip:  19.53 kB
dist/assets/InventoryScreen-DGFAcpn4.js       75.02 kB │ gzip:  17.72 kB
dist/assets/index-mWwndIhf.js                 78.64 kB │ gzip:  21.87 kB
dist/assets/FloorScreen-Dc1VrALY.js          118.88 kB │ gzip:  31.76 kB
dist/assets/ReportsScreen-CTm-tBt6.js        125.82 kB │ gzip:  29.13 kB
dist/assets/vendor-react-DU8yqEwm.js         207.20 kB │ gzip:  64.94 kB
dist/assets/vendor-supabase-Bl13M3oS.js      214.17 kB │ gzip:  55.01 kB
dist/assets/vendor-charts-y72OQ1BC.js        407.04 kB │ gzip: 115.68 kB

✓ built in 1.60s
[inject-sw-precache] injected 44 build asset(s) into dist/sw.js
